ssd1306.c:63:6:SSD1306_ScrollRight	16	static
ssd1306.c:76:6:SSD1306_ScrollLeft	16	static
ssd1306.c:89:6:SSD1306_Scrolldiagright	16	static
ssd1306.c:105:6:SSD1306_Scrolldiagleft	16	static
ssd1306.c:121:6:SSD1306_Stopscroll	8	static
ssd1306.c:128:6:SSD1306_InvertDisplay	16	static
ssd1306.c:137:6:SSD1306_DrawBitmap	32	static
ssd1306.c:167:9:SSD1306_Init	16	static
ssd1306.c:233:6:SSD1306_UpdateScreen	16	static
ssd1306.c:246:6:SSD1306_ToggleInvert	16	static
ssd1306.c:258:6:SSD1306_Fill	16	static
ssd1306.c:263:6:SSD1306_DrawPixel	16	static
ssd1306.c:285:6:SSD1306_GotoXY	16	static
ssd1306.c:291:6:SSD1306_Putc	32	static
ssd1306.c:322:6:SSD1306_Puts	24	static
ssd1306.c:339:17:SSD1306_GetColor	24	static
ssd1306.c:360:6:SSD1306_DrawLineType	48	static
ssd1306.c:479:6:SSD1306_DrawLine	40	static
ssd1306.c:563:6:SSD1306_DrawRectangle	32	static
ssd1306.c:588:6:SSD1306_DrawFilledRectangle	40	static
ssd1306.c:615:6:SSD1306_DrawTriangle	32	static
ssd1306.c:623:6:SSD1306_DrawFilledTriangle	64	static
ssd1306.c:679:6:SSD1306_DrawCircle	40	static
ssd1306.c:713:6:SSD1306_DrawFilledCircle	48	static
ssd1306.c:746:6:SSD1306_Clear	8	static
ssd1306.c:751:6:SSD1306_ON	8	static
ssd1306.c:756:6:SSD1306_OFF	8	static
ssd1306.c:772:6:ssd1306_I2C_Init	16	static
ssd1306.c:784:6:ssd1306_I2C_WriteMulti	296	static
ssd1306.c:794:6:ssd1306_I2C_Write	32	static
